base-devel
pciutils
# CPU microcode; the mkinitcpio microcode hook loads it at boot. Use amd-ucode on AMD.
intel-ucode
git
python
zen-browser-bin
neovim
zsh
starship
meson
cpio
cmake
hyprwayland-scanner
hyprland
hyprpm
hypridle
swaybg
quickshell
networkmanager
wl-clipboard
swaylock-effects-git
pavucontrol
htop
dunst
xorg-xwayland
xdg-utils
xdg-desktop-portal
xdg-desktop-portal-gtk
xdg-desktop-portal-wlr
xorg-xrdb
libnotify
os-prober
googledot-cursor-theme
tree-sitter-cli

udisks2
udiskie
ntfs-3g

pipewire
pipewire-audio
pipewire-pulse
pipewire-alsa
wireplumber

blueman
bluez
bluez-utils

brightnessctl

adw-gtk-theme
qt6ct
qt5ct
fastfetch

ripgrep
eza
bat
lazygit
cava
zoxide
fzf
tmux
entr

kitty

rofi
rofi-emoji
rofi-calc

lf
ctpv-git

ttf-jetbrains-mono-nerd
ttf-firacode-nerd
noto-fonts-emoji
imv
